// Jest Snapshot v1, https://goo.gl/fbAQLP

exports[`<Footer /> component should load the initial state of Footer component 1`] = `"<div class=\\"css-i0nj2g ezbsl480\\"><div class=\\"css-hzfs9b ezbsl481\\"><div class=\\"css-d8nsp7 ezbsl482\\"> Made with<span class=\\"css-1so4oe0 ezbsl487\\">â™¥</span>on<span class=\\"css-1ie354y ezbsl484\\"><svg class=\\"ezbsl485 css-1kgp95j ek145dl0\\"><title>earth</title><use xlink:href=\\"[object Object]#earth\\"></use></svg><span class=\\"css-8631ip ezbsl486\\"><svg class=\\"ezbsl488 css-f1ndto ek145dl0\\"><title>spain</title><use xlink:href=\\"[object Object]#spain\\"></use></svg><svg class=\\"ezbsl488 css-f1ndto ek145dl0\\"><title>nicaragua</title><use xlink:href=\\"[object Object]#nicaragua\\"></use></svg><svg class=\\"ezbsl488 css-f1ndto ek145dl0\\"><title>india</title><use xlink:href=\\"[object Object]#india\\"></use></svg><svg class=\\"ezbsl488 css-f1ndto ek145dl0\\"><title>brazil</title><use xlink:href=\\"[object Object]#brazil\\"></use></svg><svg class=\\"ezbsl488 css-f1ndto ek145dl0\\"><title>china</title><use xlink:href=\\"[object Object]#china\\"></use></svg><svg class=\\"ezbsl488 css-f1ndto ek145dl0\\"><title>austria</title><use xlink:href=\\"[object Object]#austria\\"></use></svg></span></span></div><div class=\\"css-1wbzdyy ezbsl483\\">Powered by<span class=\\"ezbsl488 css-1yxbyrn ek145dl1\\" title=\\"verdaccio\\" name=\\"verdaccio\\"><img alt=\\"verdaccio\\" src=\\"[object Object]\\" class=\\"css-1ncdhax ek145dl2\\"></span>/ v.1.0.0</div></div></div>"`;
