// Jest Snapshot v1, https://goo.gl/fbAQLP

exports[`<Footer /> component should load the initial state of Footer component 1`] = `"<div class=\\"css-i0nj2g e1ulft1s0\\"><div class=\\"css-hzfs9b e1ulft1s1\\"><div class=\\"css-d8nsp7 e1ulft1s2\\"> Made with<span class=\\"css-1so4oe0 e1ulft1s7\\">â™¥</span>on<span class=\\"css-1ie354y e1ulft1s4\\"><svg class=\\"e1ulft1s5 css-1kgp95j e9jrbn40\\"><title>Earth</title><use xlink:href=\\"[object Object]#earth\\"></use></svg><span class=\\"css-86r30q e1ulft1s6\\"><svg class=\\"e1ulft1s8 css-f1ndto e9jrbn40\\"><title>Spain</title><use xlink:href=\\"[object Object]#spain\\"></use></svg><svg class=\\"e1ulft1s8 css-f1ndto e9jrbn40\\"><title>Nicaragua</title><use xlink:href=\\"[object Object]#nicaragua\\"></use></svg><svg class=\\"e1ulft1s8 css-f1ndto e9jrbn40\\"><title>India</title><use xlink:href=\\"[object Object]#india\\"></use></svg><svg class=\\"e1ulft1s8 css-f1ndto e9jrbn40\\"><title>Brazil</title><use xlink:href=\\"[object Object]#brazil\\"></use></svg><svg class=\\"e1ulft1s8 css-f1ndto e9jrbn40\\"><title>China</title><use xlink:href=\\"[object Object]#china\\"></use></svg><svg class=\\"e1ulft1s8 css-f1ndto e9jrbn40\\"><title>Austria</title><use xlink:href=\\"[object Object]#austria\\"></use></svg></span></span></div><div class=\\"css-1wbzdyy e1ulft1s3\\">Powered by<span class=\\"e1ulft1s8 css-i15wza e9jrbn41\\" title=\\"Verdaccio\\" name=\\"verdaccio\\"><img alt=\\"Verdaccio\\" src=\\"[object Object]\\" class=\\"css-1ncdhax e9jrbn42\\"></span>/ v.1.0.0</div></div></div>"`;
