// Jest Snapshot v1, https://goo.gl/fbAQLP

exports[`<Footer /> component should load the initial state of Footer component 1`] = `"<div class=\\"Hook-container-qnqsbw\\"><div class=\\"Hook-container-r1zq3t\\"><span>Made with</span><svg class=\\"MuiSvgIcon-root-1 MuiSvgIcon-fontSizeSmall-8 Hook-loveIcon-kcjf9x\\" focusable=\\"false\\" viewBox=\\"0 0 24 24\\" aria-hidden=\\"true\\" role=\\"presentation\\"><path fill=\\"none\\" d=\\"M0 0h24v24H0z\\"></path><path d=\\"M12 21.35l-1.45-1.32C5.4 15.36 2 12.28 2 8.5 2 5.42 4.42 3 7.5 3c1.74 0 3.41.81 4.5 2.09C13.09 3.81 14.76 3 16.5 3 19.58 3 22 5.42 22 8.5c0 3.78-3.4 6.86-8.55 11.54L12 21.35z\\"></path></svg><span>on</span><div class=\\"Hook-container-13sfdwh\\"><svg class=\\"css-revjdd e9jrbn40\\"><title>Earth</title><use xlink:href=\\"[object Object]#earth\\"></use></svg></div></div><div class=\\"Hook-container-r1zq3t\\"><span>Powered by</span><span class=\\"css-wp7c1z e9jrbn41\\" title=\\"Verdaccio\\" name=\\"verdaccio\\"><img alt=\\"Verdaccio\\" src=\\"[object Object]\\" class=\\"css-1ncdhax e9jrbn42\\"></span><span>/ undefined</span></div></div>"`;
