// Jest Snapshot v1, https://goo.gl/fbAQLP

exports[`<Help /> component should render the component in default state 1`] = `"<div class=\\"MuiPaper-root-2 MuiPaper-elevation1-5 MuiPaper-rounded-3 MuiCard-root-1 Hook-card-1atwj47\\"><div class=\\"MuiCardContent-root-29\\"><h2 class=\\"MuiTypography-root-30 MuiTypography-headline-35 MuiTypography-gutterBottom-57\\">No Package Published Yet.</h2><h3 class=\\"MuiTypography-root-30 MuiTypography-subheading-37 MuiTypography-colorTextSecondary-63 MuiTypography-gutterBottom-57 Hook-subheading-jtsb18\\">To publish your first package just:</h3><ul class=\\"MuiList-root-66 MuiList-padding-67\\"><li class=\\"MuiListItem-root-70 MuiListItem-default-73 MuiListItem-gutters-78 Hook-listItem-pb3m1\\"><p class=\\"MuiTypography-root-30 MuiTypography-body2-38 Hook-interpunct-1jg88t5\\">1.</p><div class=\\"Hook-item-jwcf7z\\"><p class=\\"MuiTypography-root-30 MuiTypography-body2-38\\">Login</p><div class=\\"css-1mta3t8 e9u09cy0\\"><span class=\\"css-1m8aenu e9u09cy1\\">npm adduser --registry http://localhost</span><button class=\\"MuiButtonBase-root-96 MuiIconButton-root-90 css-56v3u0 e9u09cy2\\" tabindex=\\"0\\" type=\\"button\\" title=\\"Copy to Clipboard\\"><span class=\\"MuiIconButton-label-95\\"><svg class=\\"MuiSvgIcon-root-99\\" focusable=\\"false\\" viewBox=\\"0 0 24 24\\" aria-hidden=\\"true\\" role=\\"presentation\\"><path fill=\\"none\\" d=\\"M0 0h24v24H0z\\"></path><path d=\\"M16 1H4c-1.1 0-2 .9-2 2v14h2V3h12V1zm-1 4l6 6v10c0 1.1-.9 2-2 2H7.99C6.89 23 6 22.1 6 21l.01-14c0-1.1.89-2 1.99-2h7zm-1 7h5.5L14 6.5V12z\\"></path></svg></span></button></div></div></li><li class=\\"MuiListItem-root-70 MuiListItem-default-73 MuiListItem-gutters-78 Hook-listItem-pb3m1\\"><p class=\\"MuiTypography-root-30 MuiTypography-body2-38 Hook-interpunct-1jg88t5\\">2.</p><div class=\\"Hook-item-jwcf7z\\"><p class=\\"MuiTypography-root-30 MuiTypography-body2-38\\">Publish</p><div class=\\"css-1mta3t8 e9u09cy0\\"><span class=\\"css-1m8aenu e9u09cy1\\">npm publish --registry http://localhost</span><button class=\\"MuiButtonBase-root-96 MuiIconButton-root-90 css-56v3u0 e9u09cy2\\" tabindex=\\"0\\" type=\\"button\\" title=\\"Copy to Clipboard\\"><span class=\\"MuiIconButton-label-95\\"><svg class=\\"MuiSvgIcon-root-99\\" focusable=\\"false\\" viewBox=\\"0 0 24 24\\" aria-hidden=\\"true\\" role=\\"presentation\\"><path fill=\\"none\\" d=\\"M0 0h24v24H0z\\"></path><path d=\\"M16 1H4c-1.1 0-2 .9-2 2v14h2V3h12V1zm-1 4l6 6v10c0 1.1-.9 2-2 2H7.99C6.89 23 6 22.1 6 21l.01-14c0-1.1.89-2 1.99-2h7zm-1 7h5.5L14 6.5V12z\\"></path></svg></span></button></div></div></li><li class=\\"MuiListItem-root-70 MuiListItem-default-73 MuiListItem-gutters-78 Hook-listItem-pb3m1\\"><p class=\\"MuiTypography-root-30 MuiTypography-body2-38 Hook-interpunct-1jg88t5\\">3.</p><div class=\\"Hook-item-jwcf7z\\"><p class=\\"MuiTypography-root-30 MuiTypography-body2-38\\">Refresh this page</p></div></li></ul></div><div class=\\"MuiCardActions-root-108\\"><a class=\\"MuiButtonBase-root-96 MuiButton-root-111 MuiButton-text-113 MuiButton-textPrimary-114 MuiButton-flat-116 MuiButton-flatPrimary-117 MuiButton-sizeSmall-134 MuiCardActions-action-110\\" tabindex=\\"0\\" role=\\"button\\" href=\\"https://verdaccio.org/docs/en/installation\\" target=\\"_blank\\"><span class=\\"MuiButton-label-112\\">Learn More</span></a></div></div>"`;
