// Jest Snapshot v1, https://goo.gl/fbAQLP

exports[`<Versions /> component should render the component in default state 1`] = `""`;
